{
    "Parameters: default": {
        "content": [
            {
                "0": [
                    
                ],
                "1": [
                    "versions.yml:md5,9a3afe922371942954848605293c0700",
                    "versions.yml:md5,bded68aef8ec18c06204c83910c8a760"
                ],
                "host_predictions_tsv": [
                    
                ],
                "versions": [
                    "versions.yml:md5,9a3afe922371942954848605293c0700",
                    "versions.yml:md5,bded68aef8ec18c06204c83910c8a760"
                ]
            }
        ],
        "timestamp": "2023-11-28T14:19:06.266228652"
    }
}