{
    "['sarscov2']['genome']['genome_fasta']": {
        "content": [
            {
                "0": [
                    [
                        {
                            "id": "all_samples"
                        },
                        "all_samples.prodigalgv.faa.gz:md5,df108523d0141cb4cec62a09e2646348"
                    ]
                ],
                "1": [
                    [
                        {
                            "id": "all_samples"
                        },
                        "all_samples.prodigalgv.fna.gz:md5,c2a99be1dfbcea362f0e0ece02e7c0a6"
                    ]
                ],
                "2": [
                    "versions.yml:md5,3849079cb0a073e302ead9d90e4624d4"
                ],
                "faa": [
                    [
                        {
                            "id": "all_samples"
                        },
                        "all_samples.prodigalgv.faa.gz:md5,df108523d0141cb4cec62a09e2646348"
                    ]
                ],
                "fna": [
                    [
                        {
                            "id": "all_samples"
                        },
                        "all_samples.prodigalgv.fna.gz:md5,c2a99be1dfbcea362f0e0ece02e7c0a6"
                    ]
                ],
                "versions": [
                    "versions.yml:md5,3849079cb0a073e302ead9d90e4624d4"
                ]
            }
        ],
        "timestamp": "2024-01-24T13:41:31.810729686"
    },
    "['sarscov2']['genome']['genome_fasta'] - stub": {
        "content": [
            {
                "0": [
                    [
                        {
                            "id": "all_samples"
                        },
                        "all_samples.prodigalgv.faa.gz:md5,d41d8cd98f00b204e9800998ecf8427e"
                    ]
                ],
                "1": [
                    [
                        {
                            "id": "all_samples"
                        },
                        "all_samples.prodigalgv.fna.gz:md5,d41d8cd98f00b204e9800998ecf8427e"
                    ]
                ],
                "2": [
                    "versions.yml:md5,3849079cb0a073e302ead9d90e4624d4"
                ],
                "faa": [
                    [
                        {
                            "id": "all_samples"
                        },
                        "all_samples.prodigalgv.faa.gz:md5,d41d8cd98f00b204e9800998ecf8427e"
                    ]
                ],
                "fna": [
                    [
                        {
                            "id": "all_samples"
                        },
                        "all_samples.prodigalgv.fna.gz:md5,d41d8cd98f00b204e9800998ecf8427e"
                    ]
                ],
                "versions": [
                    "versions.yml:md5,3849079cb0a073e302ead9d90e4624d4"
                ]
            }
        ],
        "timestamp": "2024-01-24T13:41:41.320396288"
    }
}