{
    "Test AWK": {
        "content": [
            {
                "0": [
                    [
                        {
                            "id": "all_samples"
                        },
                        "all_samples.tsv:md5,dc9989bca53c3886c48b849977890be0"
                    ]
                ],
                "1": [
                    "versions.yml:md5,de757fec2101a5dccf996912d9c791c7"
                ],
                "file_out": [
                    [
                        {
                            "id": "all_samples"
                        },
                        "all_samples.tsv:md5,dc9989bca53c3886c48b849977890be0"
                    ]
                ],
                "versions": [
                    "versions.yml:md5,de757fec2101a5dccf996912d9c791c7"
                ]
            }
        ],
        "timestamp": "2023-09-25T20:33:32+0000"
    }
}