{
    "fasta_virus_quality_checkv": {
        "content": [
            [
                "proviruses.fna.gz:md5,8e31b56780f8b1e604fc8dfa5c4b5921",
                "quality_summary.tsv:md5,04e827b7efefe52727a904cfd3af1639",
                "viruses.fna.gz:md5,1b6b8c20b3e1b5aa7dafccf01529c3be"
            ]
        ],
        "timestamp": "2023-09-22T14:36:25+0000"
    }
}