{
    "Parameters: default": {
        "content": [
            [
                [
                    [
                        "test1.viromeqc.tsv:md5,86a186c8212323e36c5c6e0aae844648",
                        "test2.viromeqc.tsv:md5,728ab79cbb6c7afd0dc3f38c5ddfe642"
                    ]
                ]
            ],
            [
                [
                    [
                        "test1.fasta.gz:md5,eb5b39fab473c61e4e73802d0e1ef518",
                        "test2.fasta.gz:md5,eb5b39fab473c61e4e73802d0e1ef518"
                    ]
                ]
            ],
            [
                [
                    "test1.fasta_w_screen_hits.fna.gz:md5,8dff8263a5cc85fe5c816b208eb36a26",
                    "test2.fasta_w_screen_hits.fna.gz:md5,8705f1efa7ce1551f054d9c403cf8433"
                ],
                [
                    [
                        "test1.screen:md5,23d6d48a9488129b47ab89aa421b3be6",
                        "test2.screen:md5,23d6d48a9488129b47ab89aa421b3be6"
                    ]
                ]
            ],
            [
                [
                    [
                        [
                            "all_samples_anicluster_representatives_virus.fna.gz:md5,4ec0d3512efc98d941d3b334aa1ae6f1",
                            "all_samples_anicluster_representatives_virus_summary.tsv:md5,351e933fb6fb38a8e723f93723fbeffc"
                        ],
                        [
                            "test1.fasta_w_screen_hits_virus.fna.gz:md5,1f2110292f923c979faf5b7086b850c5",
                            "test1.fasta_w_screen_hits_virus_summary.tsv:md5,351e933fb6fb38a8e723f93723fbeffc"
                        ],
                        [
                            "test2.fasta_w_screen_hits_virus.fna.gz:md5,30ef78b175e81c6bf26cb02472126faf",
                            "test2.fasta_w_screen_hits_virus_summary.tsv:md5,20375ce81322a9bd2a96a130e2c71101"
                        ]
                    ]
                ]
            ],
            [
                [
                    [
                        [
                            "proviruses.fna.gz:md5,d41d8cd98f00b204e9800998ecf8427e",
                            "viruses.fna.gz:md5,1e44a77c5e1ef9ae1f9004ba9e495548"
                        ],
                        [
                            "proviruses.fna.gz:md5,d41d8cd98f00b204e9800998ecf8427e",
                            "viruses.fna.gz:md5,b386ca371a34b1870604771fe335b085"
                        ]
                    ]
                ],
                [
                    "test1.filtered.fna.gz:md5,4ec0d3512efc98d941d3b334aa1ae6f1",
                    "test2.filtered.fna.gz:md5,d8281f74354cc86bc9d42ef775220638"
                ]
            ],
            [
                "all_samples_anicluster_representatives.fna.gz:md5,4ec0d3512efc98d941d3b334aa1ae6f1",
                [
                    "all_samples_ani.tsv:md5,a09126f3000f14bddf28c770ad9f92f7"
                ],
                [
                    "all_samples_clusters.tsv:md5,06f4434bea86809af28ab16d91cb7b04",
                    "versions.yml:md5,68070b01cdc8bf2e8ea2eb4b97d2cdad"
                ]
            ],
            "test1.bowtie2.log:md5,e7275c6347e7901c9bbb6ae4b317fcc1",
            [
                [
                    "all_samples_anicluster_representatives.fna.1.bt2:md5,b27eb1ed0c9a3bedf4b3e2c6c107afcc",
                    "all_samples_anicluster_representatives.fna.2.bt2:md5,ba6e4f623336917cb116c4632a6b0f82",
                    "all_samples_anicluster_representatives.fna.3.bt2:md5,bc9a6e64bb55dfda29b4d8c18be153f1",
                    "all_samples_anicluster_representatives.fna.4.bt2:md5,334c5e3e240a27fa3e942c891e1fc6c5",
                    "all_samples_anicluster_representatives.fna.rev.1.bt2:md5,32cf967b6670e1ba99e43c083dc2d425",
                    "all_samples_anicluster_representatives.fna.rev.2.bt2:md5,dfd26c60bd10b1e376c9a0357576eb30"
                ]
            ],
            [
                "Host_prediction_to_genus_m90.csv:md5,528dcefb6a6c743b43f0dbc40bec3692"
            ],
            "test1.IS_gene_info.tsv:md5,5eedecf429af2b560870e2203efa0f98",
            "test2.IS_gene_info.tsv:md5,5eedecf429af2b560870e2203efa0f98",
            "software_versions.yml:md5,3d2ea4a6e456777a0a77bd88676f1994"
        ],
        "meta": {
            "nf-test": "0.8.4",
            "nextflow": "23.10.1"
        },
        "timestamp": "2024-02-16T09:34:08.947794909"
    }
}