{
    "Parameters: default": {
        "content": [
            [
                [
                    [
                        "test1.viromeqc.tsv:md5,86a186c8212323e36c5c6e0aae844648",
                        "test2.viromeqc.tsv:md5,728ab79cbb6c7afd0dc3f38c5ddfe642"
                    ]
                ]
            ],
            [
                [
                    [
                        "test1.fasta.gz:md5,e47bee1d12b4f3ecc15357339a300685",
                        "test2.fasta.gz:md5,e47bee1d12b4f3ecc15357339a300685"
                    ]
                ]
            ],
            [
                [
                    "test1.fasta_w_screen_hits.fna.gz:md5,453c8afdaafa9fad8267808f018ff456",
                    "test2.fasta_w_screen_hits.fna.gz:md5,3b4c3ed1df7c4bba0d110d1848a46871"
                ],
                [
                    [
                        "test1.screen:md5,813289ef6cc999555d271c334c90e02e",
                        "test2.screen:md5,813289ef6cc999555d271c334c90e02e"
                    ]
                ]
            ],
            [
                [
                    [
                        [
                            "all_samples_anicluster_representatives_virus.fna.gz:md5,5e142dff15ca8215fa839315d1adcf2b",
                            "all_samples_anicluster_representatives_virus_summary.tsv:md5,24af1c4c95f590c93c2a765406777e20"
                        ],
                        [
                            "test1.fasta_w_screen_hits_virus.fna.gz:md5,e7673a3cd4d5f36f9068eea7060fd485",
                            "test1.fasta_w_screen_hits_virus_summary.tsv:md5,24af1c4c95f590c93c2a765406777e20"
                        ],
                        [
                            "test2.fasta_w_screen_hits_virus.fna.gz:md5,d7b52a92fd30684cf2af1f37b083dfd8",
                            "test2.fasta_w_screen_hits_virus_summary.tsv:md5,267cfcc8351ff339c0bcd7259eac652e"
                        ]
                    ]
                ]
            ],
            [
                [
                    [
                        [
                            "proviruses.fna.gz:md5,d41d8cd98f00b204e9800998ecf8427e",
                            "quality_summary.tsv:md5,c131888534e7b03933c2a512b3390283",
                            "viruses.fna.gz:md5,fe58e669bc4af14ecbcb2182f5c7b7d2"
                        ],
                        [
                            "proviruses.fna.gz:md5,d41d8cd98f00b204e9800998ecf8427e",
                            "quality_summary.tsv:md5,d2c70dd88db77ee12ce20d3325361732",
                            "viruses.fna.gz:md5,9b076877cee18dcfabf6ac5e513a198f"
                        ]
                    ]
                ],
                [
                    "test1.filtered.fna.gz:md5,5e142dff15ca8215fa839315d1adcf2b",
                    "test2.filtered.fna.gz:md5,42d3f558b541ab46aa1722a85fd47b96"
                ]
            ],
            [
                "all_samples_anicluster_representatives.fna.gz:md5,5e142dff15ca8215fa839315d1adcf2b",
                [
                    "all_samples_ani.tsv:md5,0e621266188df0cb908fcc6ad1486080"
                ],
                [
                    "all_samples_clusters.tsv:md5,eae06cf7ffafd72478bd943fbc5f516c"
                ]
            ],
            "test1.bowtie2.log:md5,f161a0eae2eec7fcbfee0d7675d6ef0d",
            [
                [
                    "all_samples_anicluster_representatives.fna.1.bt2:md5,3140c35f6f861f1ccaf1833089c854c9",
                    "all_samples_anicluster_representatives.fna.2.bt2:md5,eeab4846bdfb11025cce1f0d89b0ab19",
                    "all_samples_anicluster_representatives.fna.3.bt2:md5,7dd079253884f7d2a1cb7b845b6e2bcc",
                    "all_samples_anicluster_representatives.fna.4.bt2:md5,482e19f50cd47fdde58bef83eacd0a3d",
                    "all_samples_anicluster_representatives.fna.rev.1.bt2:md5,f680250a61b5bbb90d7eba43b9ac3557",
                    "all_samples_anicluster_representatives.fna.rev.2.bt2:md5,3814fd4a34f1cf9f33bb684cd8fab198"
                ]
            ],
            [
                "Host_prediction_to_genus_m90.csv:md5,528dcefb6a6c743b43f0dbc40bec3692"
            ],
            "test1.IS_gene_info.tsv:md5,fa3090246663a1b4268f03f70fd04d72",
            "test2.IS_gene_info.tsv:md5,fa3090246663a1b4268f03f70fd04d72",
            "software_versions.yml:md5,5bdf43def06fa441d061e54b8963fc9b"
        ],
        "meta": {
            "nf-test": "0.8.4",
            "nextflow": "23.10.1"
        },
        "timestamp": "2024-02-20T11:53:00.761727554"
    }
}