{
    "fasta": {
        "content": [
            {
                "0": [
                    "versions.yml:md5,7715e330cd5621f95141e256b567ec19",
                    "versions.yml:md5,b225eb2829469045a5bda2c5d7a69009"
                ],
                "1": [
                    [
                        {
                            "id": "test"
                        },
                        "test.gbk.gz:md5,360babf007368aa10b828fa52a68cec9"
                    ]
                ],
                "2": [
                    [
                        {
                            "id": "test"
                        },
                        "test_cds_final_merged_output.tsv:md5,1242b6ffe6e53ef5bce0a9a2cac3cd45"
                    ]
                ],
                "pharokka_final_output_tsv": [
                    [
                        {
                            "id": "test"
                        },
                        "test_cds_final_merged_output.tsv:md5,1242b6ffe6e53ef5bce0a9a2cac3cd45"
                    ]
                ],
                "pharokka_gbk_gz": [
                    [
                        {
                            "id": "test"
                        },
                        "test.gbk.gz:md5,360babf007368aa10b828fa52a68cec9"
                    ]
                ],
                "versions": [
                    "versions.yml:md5,7715e330cd5621f95141e256b567ec19",
                    "versions.yml:md5,b225eb2829469045a5bda2c5d7a69009"
                ]
            }
        ],
        "meta": {
            "nf-test": "0.8.4",
            "nextflow": "23.10.1"
        },
        "timestamp": "2024-03-05T08:47:53.09453658"
    }
}
