{
    "fasta_virus_classification_genomad": {
        "content": [
            [
                [
                    [
                        "genome_virus_summary.tsv:md5,6899de91e735b5b930347d9d0fda8a7a"
                    ]
                ]
            ]
        ],
        "timestamp": "2023-09-18T17:05:57+0000"
    }
}