{
    "": {
        "content": [
            {
                "0": [
                    [
                        {
                            "id": "test"
                        },
                        "genome_virus.fna.gz:md5,c2d03e27ae27e3eedd037621ee77c917"
                    ]
                ],
                "1": [
                    [
                        {
                            "id": "test"
                        },
                        "genome_virus_summary.tsv:md5,6899de91e735b5b930347d9d0fda8a7a"
                    ]
                ],
                "2": [
                    "versions.yml:md5,366d0d975c262aadb6a369f0bce340bf",
                    "versions.yml:md5,6b3b022e67e97057826d98ef627a82fb"
                ],
                "versions": [
                    "versions.yml:md5,366d0d975c262aadb6a369f0bce340bf",
                    "versions.yml:md5,6b3b022e67e97057826d98ef627a82fb"
                ],
                "virus_summaries_tsv": [
                    [
                        {
                            "id": "test"
                        },
                        "genome_virus_summary.tsv:md5,6899de91e735b5b930347d9d0fda8a7a"
                    ]
                ],
                "viruses_fna_gz": [
                    [
                        {
                            "id": "test"
                        },
                        "genome_virus.fna.gz:md5,c2d03e27ae27e3eedd037621ee77c917"
                    ]
                ]
            }
        ],
        "timestamp": "2023-09-26T21:30:56+0000"
    }
}