{
    "full_fastq_fasta_reference_containment_mash": {
        "content": [
            [
                [
                    [
                        "reference_viruses.msh:md5,1603390852e55b99abee283a2490f070"
                    ]
                ]
            ]
        ],
        "timestamp": "2023-09-14T21:32:24+0000"
    }
}