{
    "full_fastq_fasta_reference_containment_mash": {
        "content": [
            [
                "all_samples.screen:md5,9cd27acafbf63f1fa92e26c3e83bfa3e",
                [
                    "test.fasta_w_screen_hits.fna.gz:md5,627badd2d06b626af8d7b0b80dc6bfcb"
                ]
            ]
        ],
        "timestamp": "2023-09-12T18:43:19+0000"
    }
}