{
    "fastq.gz & fasta.gz & sketch.msh": {
        "content": [
            {
                "0": [
                    [
                        {
                            "id": "test2"
                        },
                        "test2.screen:md5,d41d8cd98f00b204e9800998ecf8427e"
                    ],
                    [
                        {
                            "id": "test"
                        },
                        "test.screen:md5,d41d8cd98f00b204e9800998ecf8427e"
                    ]
                ],
                "1": [
                    "versions.yml:md5,481065b75b92012f105cefce45278e0b",
                    "versions.yml:md5,c1d295c206d08ab24a095537745ee679",
                    "versions.yml:md5,e516cb0998c459ba772f1b5a55696f2c"
                ],
                "mash_screen_results": [
                    [
                        {
                            "id": "test2"
                        },
                        "test2.screen:md5,d41d8cd98f00b204e9800998ecf8427e"
                    ],
                    [
                        {
                            "id": "test"
                        },
                        "test.screen:md5,d41d8cd98f00b204e9800998ecf8427e"
                    ]
                ],
                "versions": [
                    "versions.yml:md5,481065b75b92012f105cefce45278e0b",
                    "versions.yml:md5,c1d295c206d08ab24a095537745ee679",
                    "versions.yml:md5,e516cb0998c459ba772f1b5a55696f2c"
                ]
            }
        ],
        "meta": {
            "nf-test": "0.8.4",
            "nextflow": "23.10.1"
        },
        "timestamp": "2024-02-28T16:49:41.382156261"
    }
}