{
    "Parameters: default": {
        "content": [
            {
                "0": [
                    [
                        {
                            "id": "test"
                        },
                        "test.txt:md5,aa3f583ccce0464e25ced18c56760404"
                    ]
                ],
                "1": [
                    "versions.yml:md5,5ae1c5ad2bb466c2eef35531e94bc52d",
                    "versions.yml:md5,d72cbbe5689b534d6a1fa681cc1f42c4",
                    "versions.yml:md5,d72cbbe5689b534d6a1fa681cc1f42c4"
                ],
                "blast_txt": [
                    [
                        {
                            "id": "test"
                        },
                        "test.txt:md5,aa3f583ccce0464e25ced18c56760404"
                    ]
                ],
                "versions": [
                    "versions.yml:md5,5ae1c5ad2bb466c2eef35531e94bc52d",
                    "versions.yml:md5,d72cbbe5689b534d6a1fa681cc1f42c4",
                    "versions.yml:md5,d72cbbe5689b534d6a1fa681cc1f42c4"
                ]
            }
        ],
        "timestamp": "2023-10-06T13:51:39.107233188"
    }
}