{
    "software_versions": {
        "content": [
            "{CUSTOM_DUMPSOFTWAREVERSIONS={python=3.11.0, yaml=6.0}, FASTQC={fastqc=0.11.9}, Workflow={nf-core/phageannotator=1.0dev}}"
        ],
        "timestamp": "2023-07-27T19:11:33+0000"
    },
    "multiqc": {
        "content": [
            "multiqc_fastqc.txt:md5,953352f4a0f1bac9058125b8f04e9926",
            "multiqc_general_stats.txt:md5,671fea3ac1c370f05baed7350eac1477"
        ],
        "timestamp": "2023-07-27T19:11:33+0000"
    }
}