{
    "['modules_local']['mash_screen_results_tsv'] & ['modules_local']['assembly_fasta_gz'] & ['modules_local']['reference_fasta_gz']": {
        "content": [
            {
                "0": [
                    [
                        {
                            "id": "test"
                        },
                        "test.fasta_w_screen_hits.fna.gz:md5,94ff9611c2d02619db9afce95ce6ad6b"
                    ]
                ],
                "1": [
                    "versions.yml:md5,65b56210fc3597cf5d869e5a1384a1a3"
                ],
                "assembly_w_screen_hits": [
                    [
                        {
                            "id": "test"
                        },
                        "test.fasta_w_screen_hits.fna.gz:md5,94ff9611c2d02619db9afce95ce6ad6b"
                    ]
                ],
                "versions": [
                    "versions.yml:md5,65b56210fc3597cf5d869e5a1384a1a3"
                ]
            }
        ],
        "timestamp": "2023-11-13T11:52:08.023297473"
    }
}