{
    "['modules_local']['blast_txt']": {
        "content": [
            {
                "0": [
                    [
                        {
                            "id": "test"
                        },
                        "test_ani.tsv:md5,1934eb09849f6df88083ad25aa47923d"
                    ]
                ],
                "1": [
                    "versions.yml:md5,e762f9268614324a9143737b92563257"
                ],
                "ani": [
                    [
                        {
                            "id": "test"
                        },
                        "test_ani.tsv:md5,1934eb09849f6df88083ad25aa47923d"
                    ]
                ],
                "versions": [
                    "versions.yml:md5,e762f9268614324a9143737b92563257"
                ]
            }
        ],
        "timestamp": "2024-01-17T22:30:23.52522149"
    },
    "['modules_local']['blast_txt'] - stub": {
        "content": [
            {
                "0": [
                    [
                        {
                            "id": "test"
                        },
                        "test_ani.tsv:md5,d41d8cd98f00b204e9800998ecf8427e"
                    ]
                ],
                "1": [
                    "versions.yml:md5,e762f9268614324a9143737b92563257"
                ],
                "ani": [
                    [
                        {
                            "id": "test"
                        },
                        "test_ani.tsv:md5,d41d8cd98f00b204e9800998ecf8427e"
                    ]
                ],
                "versions": [
                    "versions.yml:md5,e762f9268614324a9143737b92563257"
                ]
            }
        ],
        "timestamp": "2024-01-17T22:30:36.176793213"
    }
}