{
    "['bacteroides_fragilis']['illumina']['contigs_fa_gz'] & ['modules_local']['ani_tsv']": {
        "content": [
            {
                "0": [
                    [
                        {
                            "id": "test"
                        },
                        "test_clusters.tsv:md5,adcc2d4d4b096d6c9640180e94dd6c5f"
                    ]
                ],
                "1": [
                    "versions.yml:md5,774a3132a87e17391bf8b7ecf92c58d3"
                ],
                "clusters": [
                    [
                        {
                            "id": "test"
                        },
                        "test_clusters.tsv:md5,adcc2d4d4b096d6c9640180e94dd6c5f"
                    ]
                ],
                "versions": [
                    "versions.yml:md5,774a3132a87e17391bf8b7ecf92c58d3"
                ]
            }
        ],
        "timestamp": "2023-11-13T11:49:27.609639159"
    }
}