{
    "Should run without failures": {
        "content": [
            {
                "0": [
                    [
                        {
                            "id": "test"
                        },
                        "test.filtered.fna.gz:md5,2576d8abbe1d5741cca1e890ae4f50a4"
                    ]
                ],
                "1": [
                    "versions.yml:md5,4065a8af6c710ebcd076fbcbabc91f17"
                ],
                "filtered_viruses": [
                    [
                        {
                            "id": "test"
                        },
                        "test.filtered.fna.gz:md5,2576d8abbe1d5741cca1e890ae4f50a4"
                    ]
                ],
                "versions": [
                    "versions.yml:md5,4065a8af6c710ebcd076fbcbabc91f17"
                ]
            }
        ],
        "timestamp": "2023-11-01T14:49:03.483941042"
    }
}