{
    "Should run without failures": {
        "content": [
            {
                "0": [
                    [
                        {
                            "id": "test"
                        },
                        "test.fasta_w_mash_hits.fna.gz:md5,9352e3ea473792e7ed2ff781c75cae8f"
                    ]
                ],
                "1": [
                    "versions.yml:md5,8e9e3bd75f037dbd06521415d76ab42c"
                ],
                "fasta_w_mash_hits": [
                    [
                        {
                            "id": "test"
                        },
                        "test.fasta_w_mash_hits.fna.gz:md5,9352e3ea473792e7ed2ff781c75cae8f"
                    ]
                ],
                "versions": [
                    "versions.yml:md5,8e9e3bd75f037dbd06521415d76ab42c"
                ]
            }
        ],
        "timestamp": "2023-08-03T22:39:09+0000"
    }
}