{
    "['bacteroides_fragilis']['illumina']['contigs_fa_gz'] & ['modules_local']['clusters_tsv']": {
        "content": [
            {
                "0": [
                    [
                        {
                            "id": "test"
                        },
                        "test_anicluster_representatives.fna.gz:md5,af8f9755e229d4bf352639bcaa84c375"
                    ]
                ],
                "1": [
                    "versions.yml:md5,15b724eac7b61bbed8de17f17eae0bf8"
                ],
                "representatives": [
                    [
                        {
                            "id": "test"
                        },
                        "test_anicluster_representatives.fna.gz:md5,af8f9755e229d4bf352639bcaa84c375"
                    ]
                ],
                "versions": [
                    "versions.yml:md5,15b724eac7b61bbed8de17f17eae0bf8"
                ]
            }
        ],
        "timestamp": "2023-11-13T11:49:06.343396722"
    }
}