{
    "Parameters: default": {
        "content": [
            {
                "0": [
                    [
                        {
                            "id": "all_samples"
                        },
                        "all_samples.screen:md5,77858d67f1513d5883d1d1aa22f48629"
                    ]
                ],
                "1": [
                    [
                        {
                            "id": "all_samples"
                        },
                        "all_samples.tsv:md5,bbe06022a136bbe3f3f0f340b67185f9"
                    ]
                ],
                "2": [
                    [
                        {
                            "id": "all_samples"
                        },
                        "all_samples.tsv:md5,a54a95833a74a1d0e2f3b82a3f416f11"
                    ]
                ],
                "3": [
                    [
                        {
                            "id": "test"
                        },
                        "test.filtered.fna.gz:md5,88535c5069fb8991abfa5a77e4986e71"
                    ]
                ],
                "4": [
                    [
                        {
                            "id": "test"
                        },
                        "test_anicluster_representatives.fna.gz:md5,88535c5069fb8991abfa5a77e4986e71"
                    ]
                ],
                "5": [
                    "versions.yml:md5,00a12ed45ed179a55e30c05dbb3d31f3",
                    "versions.yml:md5,04bf25e5231ce1f8077581bb7a2c07f4",
                    "versions.yml:md5,1439e948f383899aaccbf49506923b04",
                    "versions.yml:md5,2b068b9678f63d6bb06a2a3652e92ba9",
                    "versions.yml:md5,769114e3bb009aceb4763a1a0fa80d5a",
                    "versions.yml:md5,76fc7f1f019facce5a0af4d78f01c624",
                    "versions.yml:md5,76fc7f1f019facce5a0af4d78f01c624",
                    "versions.yml:md5,7e54b5f822df67b99faf67629e81963f",
                    "versions.yml:md5,89c21d0ccbb6b01ccdc3bdb788443187",
                    "versions.yml:md5,8aebba726df29aad131772449019ee78",
                    "versions.yml:md5,8f4cfce986149a10f9c2029b48c28810",
                    "versions.yml:md5,995518cecee8eed38a4f357b7f57fd33",
                    "versions.yml:md5,c0598196e761dbcdc90ff95a2f623b9c",
                    "versions.yml:md5,c97cb7740ce1aa3cf22cb6e8be2d62ce",
                    "versions.yml:md5,ec5ed3d0ce36e0e32ba47ce69e1ce4b1"
                ],
                "anicluster_reps_fna_gz": [
                    [
                        {
                            "id": "test"
                        },
                        "test_anicluster_representatives.fna.gz:md5,88535c5069fb8991abfa5a77e4986e71"
                    ]
                ],
                "filtered_viruses_fna_gz": [
                    [
                        {
                            "id": "test"
                        },
                        "test.filtered.fna.gz:md5,88535c5069fb8991abfa5a77e4986e71"
                    ]
                ],
                "reference_containment_tsv": [
                    [
                        {
                            "id": "all_samples"
                        },
                        "all_samples.screen:md5,77858d67f1513d5883d1d1aa22f48629"
                    ]
                ],
                "versions": [
                    "versions.yml:md5,00a12ed45ed179a55e30c05dbb3d31f3",
                    "versions.yml:md5,04bf25e5231ce1f8077581bb7a2c07f4",
                    "versions.yml:md5,1439e948f383899aaccbf49506923b04",
                    "versions.yml:md5,2b068b9678f63d6bb06a2a3652e92ba9",
                    "versions.yml:md5,769114e3bb009aceb4763a1a0fa80d5a",
                    "versions.yml:md5,76fc7f1f019facce5a0af4d78f01c624",
                    "versions.yml:md5,76fc7f1f019facce5a0af4d78f01c624",
                    "versions.yml:md5,7e54b5f822df67b99faf67629e81963f",
                    "versions.yml:md5,89c21d0ccbb6b01ccdc3bdb788443187",
                    "versions.yml:md5,8aebba726df29aad131772449019ee78",
                    "versions.yml:md5,8f4cfce986149a10f9c2029b48c28810",
                    "versions.yml:md5,995518cecee8eed38a4f357b7f57fd33",
                    "versions.yml:md5,c0598196e761dbcdc90ff95a2f623b9c",
                    "versions.yml:md5,c97cb7740ce1aa3cf22cb6e8be2d62ce",
                    "versions.yml:md5,ec5ed3d0ce36e0e32ba47ce69e1ce4b1"
                ],
                "virus_classification_tsv": [
                    [
                        {
                            "id": "all_samples"
                        },
                        "all_samples.tsv:md5,bbe06022a136bbe3f3f0f340b67185f9"
                    ]
                ],
                "virus_quality_tsv": [
                    [
                        {
                            "id": "all_samples"
                        },
                        "all_samples.tsv:md5,a54a95833a74a1d0e2f3b82a3f416f11"
                    ]
                ]
            }
        ],
        "timestamp": "2023-10-09T16:16:24.834769977"
    }
}