{
    "Parameters: --skip-reference-containment": {
        "content": [
            {
                "0": [
                    [
                        {
                            "id": "test"
                        },
                        "test.filtered.fna.gz:md5,5e2ccef5a2fc0cccda716609100b8156"
                    ]
                ],
                "1": [
                    
                ],
                "2": [
                    [
                        {
                            "id": "all_samples"
                        },
                        "all_samples.tsv:md5,6899de91e735b5b930347d9d0fda8a7a"
                    ]
                ],
                "3": [
                    [
                        {
                            "id": "all_samples"
                        },
                        "all_samples.tsv:md5,4973f84bb8c93f8d85dc4dfce5019f2e"
                    ]
                ],
                "4": [
                    "versions.yml:md5,7e54b5f822df67b99faf67629e81963f",
                    "versions.yml:md5,c97cb7740ce1aa3cf22cb6e8be2d62ce",
                    "versions.yml:md5,8f4cfce986149a10f9c2029b48c28810",
                    "versions.yml:md5,ec5ed3d0ce36e0e32ba47ce69e1ce4b1",
                    "versions.yml:md5,995518cecee8eed38a4f357b7f57fd33",
                    "versions.yml:md5,90170f5b38b7383ab14859a1c18ed66d"
                ],
                "filtered_viruses_fna_gz": [
                    [
                        {
                            "id": "test"
                        },
                        "test.filtered.fna.gz:md5,5e2ccef5a2fc0cccda716609100b8156"
                    ]
                ],
                "reference_containment_tsv": [
                    
                ],
                "versions": [
                    "versions.yml:md5,7e54b5f822df67b99faf67629e81963f",
                    "versions.yml:md5,c97cb7740ce1aa3cf22cb6e8be2d62ce",
                    "versions.yml:md5,8f4cfce986149a10f9c2029b48c28810",
                    "versions.yml:md5,ec5ed3d0ce36e0e32ba47ce69e1ce4b1",
                    "versions.yml:md5,995518cecee8eed38a4f357b7f57fd33",
                    "versions.yml:md5,90170f5b38b7383ab14859a1c18ed66d"
                ],
                "virus_classification_tsv": [
                    [
                        {
                            "id": "all_samples"
                        },
                        "all_samples.tsv:md5,6899de91e735b5b930347d9d0fda8a7a"
                    ]
                ],
                "virus_quality_tsv": [
                    [
                        {
                            "id": "all_samples"
                        },
                        "all_samples.tsv:md5,4973f84bb8c93f8d85dc4dfce5019f2e"
                    ]
                ]
            }
        ],
        "timestamp": "2023-10-02T19:20:49+0000"
    }
}