{
    "Parameters: default": {
        "content": [
            {
                "0": [
                    
                ],
                "1": [
                    
                ],
                "propagate_results_tsv": [
                    
                ],
                "versions": [
                    
                ]
            }
        ],
        "meta": {
            "nf-test": "0.8.4",
            "nextflow": "23.10.1"
        },
        "timestamp": "2024-03-22T22:35:49.275741184"
    }
}