{
    "sarscov2 - illumina - test_1_fastq_gz": {
        "content": [
            {
                "0": [
                    "test.viromeqc.tsv:md5,6acbffc97f75774cf9fcc953b98913ed"
                ],
                "1": [
                    "versions.yml:md5,1d793f1196d60e1c94969fb0a103e353"
                ],
                "enrichment": [
                    "test.viromeqc.tsv:md5,6acbffc97f75774cf9fcc953b98913ed"
                ],
                "versions": [
                    "versions.yml:md5,1d793f1196d60e1c94969fb0a103e353"
                ]
            }
        ],
        "timestamp": "2023-12-28T13:22:47.999767324"
    }
}
